components/ChatInput.tsx(51,7): error TS2739: Type '{ 'gemini-2.5-flash-image': string; 'gemini-2.5-flash': string; 'gemini-3-pro-image-preview': string; }' is missing the following properties from type 'Record<GeminiModel, string>': "veo-3.1-generate-preview", "veo-3.1-fast-generate-preview"
components/SidebarOrchestrator.tsx(636,23): error TS2353: Object literal may only specify known properties, and 'selectedMaterialTags' does not exist in type '{ selectedLocationTags: string[]; selectedAngleTags: string[]; selectedLightingTags: string[]; selectedEffectTags: string[]; selectedColors: string[]; colorInput: string; isValidColor: boolean; ... 26 more ...; onAddCustomEffectTag: () => void; }'.
components/ui/chart.tsx(117,13): error TS2339: Property 'payload' does not exist on type 'Omit<Omit<Props<ValueType, NameType>, PropertiesReadFromContext> & { active?: boolean; allowEscapeViewBox?: AllowInDimension; ... 17 more ...; wrapperStyle?: CSSProperties; } & ClassAttributes<...> & HTMLAttributes<...> & { ...; }, "ref">'.
components/ui/chart.tsx(122,13): error TS2339: Property 'label' does not exist on type 'Omit<Omit<Props<ValueType, NameType>, PropertiesReadFromContext> & { active?: boolean; allowEscapeViewBox?: AllowInDimension; ... 17 more ...; wrapperStyle?: CSSProperties; } & ClassAttributes<...> & HTMLAttributes<...> & { ...; }, "ref">'.
components/ui/chart.tsx(129,13): error TS2339: Property 'ref' does not exist on type 'Omit<Omit<Props<ValueType, NameType>, PropertiesReadFromContext> & { active?: boolean; allowEscapeViewBox?: AllowInDimension; ... 17 more ...; wrapperStyle?: CSSProperties; } & ClassAttributes<...> & HTMLAttributes<...> & { ...; }, "ref">'.
components/ui/chart.tsx(261,41): error TS2344: Type '"verticalAlign" | "payload"' does not satisfy the constraint '"string" | "values" | "type" | "target" | "by" | "color" | "className" | "filter" | "fill" | "children" | "style" | "name" | "suppressHydrationWarning" | "id" | "lang" | "tabIndex" | ... 430 more ... | "onBBoxUpdate"'.
  Type '"payload"' is not assignable to type '"string" | "values" | "type" | "target" | "by" | "color" | "className" | "filter" | "fill" | "children" | "style" | "name" | "suppressHydrationWarning" | "id" | "lang" | "tabIndex" | ... 430 more ... | "onBBoxUpdate"'.
components/ui/chart.tsx(272,23): error TS2339: Property 'length' does not exist on type 'unknown'.
components/ui/chart.tsx(285,26): error TS2339: Property 'map' does not exist on type 'unknown'.
types/reactFlow.ts(511,10): error TS2304: Cannot find name 'GenerationMode'.
types/reactFlow.ts(550,9): error TS2304: Cannot find name 'GenerationMode'.
